[00:13:40] [Server thread/INFO]: Starting minecraft server version 1.7.10
[00:13:45] [Server thread/INFO]: Loading properties
[00:13:45] [Server thread/INFO]: Default game type: SURVIVAL
[00:13:45] [Server thread/INFO]: Generating keypair
[00:13:45] [Server thread/INFO]: Starting Minecraft server on *:25565
[00:13:45] [Server thread/WARN]: **** SERVER IS RUNNING IN OFFLINE/INSECURE MODE!
[00:13:45] [Server thread/WARN]: The server will make no attempt to authenticate usernames. Beware.
[00:13:45] [Server thread/WARN]: While this makes the game possible to play without internet access, it also opens up the ability for hackers to connect with any username they choose.
[00:13:45] [Server thread/WARN]: To change this, set "online-mode" to "true" in the server.properties file.
[00:13:46] [Server thread/INFO]: Preparing level "PitCraft"
[00:13:46] [Server thread/WARN]: Unable to find spawn biome
[00:13:46] [Server thread/WARN]: Unable to find spawn biome
[00:13:48] [Server thread/WARN]: Unable to find spawn biome
[00:13:48] [Server thread/WARN]: Unable to find spawn biome
[00:13:48] [Server thread/WARN]: Unable to find spawn biome
[00:13:48] [Server thread/WARN]: Unable to find spawn biome
[00:13:48] [Server thread/INFO]: Preparing start region for level 0
[00:13:49] [Server thread/INFO]: Preparing spawn area: 33%
[00:13:50] [Server thread/INFO]: Preparing spawn area: 69%
[00:13:51] [Server thread/INFO]: Done (5,138s)! For help, type "help" or "?"
[00:16:08] [Server thread/INFO]: TyREXy_[/127.173.211.136:58895] logged in with entity id 3819 at (-236.5, 64.0, 249.5)
[00:16:08] [Server thread/INFO]: TyREXy_ joined the game
[00:16:53] [Server thread/INFO]: [TyREXy_: No game rule called 'kee' is available]
[00:17:09] [Server thread/INFO]: [TyREXy_: Game rule has been updated]
[00:19:51] [Server thread/INFO]: TyREXy_ lost connection: TextComponent{text='Disconnected', siblings=[], style=Style{hasParent=false, color=null, bold=null, italic=null, underlined=null, obfuscated=null, clickEvent=null, hoverEvent=null}}
[00:19:51] [Server thread/INFO]: TyREXy_ left the game
[00:22:16] [Server thread/INFO]: --- Showing help page 1 of 9 (/help <page>) ---
[00:22:16] [Server thread/INFO]: /achievement give <stat_name> [player]
[00:22:16] [Server thread/INFO]: /ban <name> [reason ...]
[00:22:16] [Server thread/INFO]: /ban-ip <address|name> [reason ...]
[00:22:16] [Server thread/INFO]: /banlist [ips|players]
[00:22:16] [Server thread/INFO]: /blockstate <get|set> [property name] [property value]
[00:22:16] [Server thread/INFO]: brigadier
[00:22:16] [Server thread/INFO]: /chunkpurge | Get usage help for ChunkPurge
[00:22:37] [Server thread/INFO]: [Server] hi
[00:22:58] [Server Shutdown Thread/INFO]: Stopping server
